[info] welcome to sbt 1.9.8 (Oracle Corporation Java 21)
[info] loading settings for project scalacast-build-build-build from metals.sbt ...
[info] loading project definition from C:\Users\Ivan\Documents\GitHub\ScalaCast\project\project\project
[info] loading settings for project scalacast-build-build from metals.sbt ...
[info] loading project definition from C:\Users\Ivan\Documents\GitHub\ScalaCast\project\project
[success] Generated .bloop\scalacast-build-build.json
[success] Total time: 4 s, completed 26 Feb 2025, 20:11:39
[info] loading settings for project scalacast-build from metals.sbt,plugin.sbt,plugins.sbt ...
[info] loading project definition from C:\Users\Ivan\Documents\GitHub\ScalaCast\project
[success] Generated .bloop\scalacast-build.json
[success] Total time: 3 s, completed 26 Feb 2025, 20:11:43
[info] loading settings for project root from build.sbt ...
[info]   __              __
[info]   \ \     ____   / /____ _ __  __
[info]    \ \   / __ \ / // __ `// / / /
[info]    / /  / /_/ // // /_/ // /_/ /
[info]   /_/  / .___//_/ \__,_/ \__, /
[info]       /_/               /____/
[info] 
[info] Version 2.9.0 running Java 21
[info] 
[info] Play is run entirely by the community. Please consider contributing and/or donating:
[info] https://www.playframework.com/sponsors
[info] 
[info] Executing in batch mode. For better performance use sbt's shell
[info] compiling 65 Scala sources and 1 Java source to C:\Users\Ivan\Documents\GitHub\ScalaCast\target\scala-2.13\classes ...
[error] C:\Users\Ivan\Documents\GitHub\ScalaCast\app\services\PeerDiscovery.scala:37:17: type mismatch;
[error]  found   : scala.concurrent.Future[Any]
[error]  required: scala.concurrent.Future[Unit]
[error]   }.recoverWith {
[error]                 ^
[error] C:\Users\Ivan\Documents\GitHub\ScalaCast\app\utils\WebSocketUtil.scala:23:29: type mismatch;
[error]  found   : scala.concurrent.Future[akka.Done]
[error]  required: scala.concurrent.Future[Unit]
[error]     binding.flatMap(_.unbind())
[error]                             ^
[error] C:\Users\Ivan\Documents\GitHub\ScalaCast\app\utils\WebSocketUtil.scala:23:20: Cannot find an implicit ExecutionContext. You might add
[error] an (implicit ec: ExecutionContext) parameter to your method.
[error] 
[error] The ExecutionContext is used to configure how and on which
[error] thread pools asynchronous tasks (such as Futures) will run,
[error] so the specific ExecutionContext that is selected is important.
[error] 
[error] If your application does not define an ExecutionContext elsewhere,
[error] consider using Scala's global ExecutionContext by defining
[error] the following:
[error] 
[error] implicit val ec: scala.concurrent.ExecutionContext = scala.concurrent.ExecutionContext.global
[error]     binding.flatMap(_.unbind())
[error]                    ^
[error] three errors found
[error] (Compile / compileIncremental) Compilation failed
[error] Total time: 15 s, completed 26 Feb 2025, 20:11:59
